Last login: Mon Apr 11 05:19:35 UTC 2022 on pts/0
thor@jump_host ~$ kubectl get noeds

error: the server doesn't have a resource type "noeds"
thor@jump_host ~$ 
thor@jump_host ~$ kubectl get nodes
NAME                      STATUS   ROLES                  AGE     VERSION
kodekloud-control-plane   Ready    control-plane,master   3h18m   v1.20.5-rc.0.18+c4af4684437b37
thor@jump_host ~$ 
thor@jump_host ~$ kubectl create deployment nginx --image=nginx:latest --dry-run=client -o yaml
apiVersion: apps/v1
kind: Deployment
metadata:
  creationTimestamp: null
  labels:
    app: nginx
  name: nginx
spec:
  replicas: 1
  selector:
    matchLabels:
      app: nginx
  strategy: {}
  template:
    metadata:
      creationTimestamp: null
      labels:
        app: nginx
    spec:
      containers:
      - image: nginx:latest
        name: nginx
        resources: {}
status: {}
thor@jump_host ~$ 
thor@jump_host ~$ kubectl create deployment nginx --image=nginx:latest --dry-run=client -o yaml > nginx.yaml
thor@jump_host ~$ 
thor@jump_host ~$ kubectl create deployment nginx --image=nginx:latest
deployment.apps/nginx created
thor@jump_host ~$ kubectl get pods --watch
NAME                     READY   STATUS              RESTARTS   AGE
nginx-55649fd747-hp48m   0/1     ContainerCreating   0          14s
nginx-55649fd747-hp48m   1/1     Running             0          23s
