hor@jump_host ~$ cd /etc/puppetlabs/code/environments/production/manifests
thor@jump_host /etc/puppetlabs/code/environments/production/manifests$ sudo vi media.pp

We trust you have received the usual lecture from the local System
Administrator. It usually boils down to these three things:

    #1) Respect the privacy of others.
    #2) Think before you type.
    #3) With great power comes great responsibility.

[sudo] password for thor: 
thor@jump_host /etc/puppetlabs/code/environments/production/manifests$ cat media.pp 
node 'stapp02.stratos.xfusioncorp.com' {
}

file { '/opt/itadmin/media.txt':
     content => 'Welcome to xFusionCorp Industries!',
     mode => '0755',
}
thor@jump_host /etc/puppetlabs/code/environments/production/manifests$ puppet parser validate media.pp 

thor@jump_host /etc/puppetlabs/code/environments/production/manifests$ 
thor@jump_host /etc/puppetlabs/code/environments/production/manifests$ ssh steve@stapp02
The authenticity of host 'stapp02 (172.16.238.11)' can't be established.
ECDSA key fingerprint is SHA256:tUsBpqgexKLeeAzK3aM05xibEvT8t4v0HKIRZEneuP4.
ECDSA key fingerprint is MD5:ff:f5:45:a2:d4:1f:21:ae:af:e6:43:4a:90:5f:64:78.
Are you sure you want to continue connecting (yes/no)? yes
Warning: Permanently added 'stapp02,172.16.238.11' (ECDSA) to the list of known hosts.
steve@stapp02's password: 


[steve@stapp02 ~]$ 
[steve@stapp02 ~]$ sudo puppet agent -tv^C
[steve@stapp02 ~]$ ls -l /opt/itadmin/media.txt 
-rw-r--r-- 1 root root 0 Mar 10 09:04 /opt/itadmin/media.txt
[steve@stapp02 ~]$ cat /opt/itadmin/media.txt 
[steve@stapp02 ~]$ sudo puppet agent -tv

We trust you have received the usual lecture from the local System
Administrator. It usually boils down to these three things:

    #1) Respect the privacy of others.
    #2) Think before you type.
    #3) With great power comes great responsibility.

[sudo] password for steve: 


Error: Could not run: Another puppet instance is already running; exiting
[steve@stapp02 ~]$ 
[steve@stapp02 ~]$ 
[steve@stapp02 ~]$ sudo puppet agent -tv
Info: Using configured environment 'production'
Info: Retrieving pluginfacts
Info: Retrieving plugin
Info: Retrieving locales
Info: Caching catalog for stapp02.stratos.xfusioncorp.com
Info: Applying configuration version '1646903293'
Notice: Applied catalog in 0.08 seconds
[steve@stapp02 ~]$ ls -l /opt/itadmin/media.txt 
-rwxr-xr-x 1 root root 34 Mar 10 09:08 /opt/itadmin/media.txt
[steve@stapp02 ~]$ cat /opt/itadmin/media.txt 
Welcome to xFusionCorp Industries![steve@stapp02 ~]$ 
[steve@stapp02 ~]$ 
